[async_value_nullable_pattern] 2025-06-14T00:42:54.494888 Plugin async_value_nullable_pattern threw while analyzing /Users/brendon/Desktop/Kinnelhead/service/SRC/mobile/service_mobile/lib/pages/create_job.dart:
[async_value_nullable_pattern] 2025-06-14T00:42:54.494888 Exception: Missing implementation of visitDotShorthandPropertyAccess
[async_value_nullable_pattern] 2025-06-14T00:42:54.494888 #0      ThrowingAstVisitor._throw (package:analyzer/dart/ast/visitor.dart:2971:5)
[async_value_nullable_pattern] 2025-06-14T00:42:54.494888 #1      ThrowingAstVisitor.visitDotShorthandPropertyAccess (package:analyzer/dart/ast/visitor.dart:2542:7)
[async_value_nullable_pattern] 2025-06-14T00:42:54.494888 #2      DotShorthandPropertyAccessImpl.accept (package:analyzer/src/dart/ast/ast.dart:5534:15)
[async_value_nullable_pattern] 2025-06-14T00:42:54.494888 #3      AstBinaryWriter._writeNodeList (package:analyzer/src/summary2/ast_binary_writer.dart:976:19)
[async_value_nullable_pattern] 2025-06-14T00:42:54.494888 #4      AstBinaryWriter.visitArgumentList (package:analyzer/src/summary2/ast_binary_writer.dart:54:5)
[async_value_nullable_pattern] 2025-06-14T00:42:54.494888 #5      ArgumentListImpl.accept (package:analyzer/src/dart/ast/ast.dart:470:50)
[async_value_nullable_pattern] 2025-06-14T00:42:54.494888 #6      AstBinaryWriter._writeNode (package:analyzer/src/summary2/ast_binary_writer.dart:970:10)
[async_value_nullable_pattern] 2025-06-14T00:42:54.494888 #7      AstBinaryWriter.visitSuperConstructorInvocation (package:analyzer/src/summary2/ast_binary_writer.dart:798:5)
[async_value_nullable_pattern] 2025-06-14T00:42:54.494888 #8      SuperConstructorInvocationImpl.accept (package:analyzer/src/dart/ast/ast.dart:17038:15)
[async_value_nullable_pattern] 2025-06-14T00:42:54.494888 #9      ResolutionSink._writeNode (package:analyzer/src/summary2/bundle_writer.dart:955:10)
[async_value_nullable_pattern] 2025-06-14T00:42:54.494888 #10     ResolutionSink._writeNodeList (package:analyzer/src/summary2/bundle_writer.dart:961:7)
[async_value_nullable_pattern] 2025-06-14T00:42:54.494888 #11     BundleWriter._writeConstructorElement.<anonymous closure> (package:analyzer/src/summary2/bundle_writer.dart:174:23)
[async_value_nullable_pattern] 2025-06-14T00:42:54.494888 #12     _LocalElementIndexer.withElements (package:analyzer/src/summary2/bundle_writer.dart:1218:6)
[async_value_nullable_pattern] 2025-06-14T00:42:54.494888 #13     BundleWriter._writeConstructorElement (package:analyzer/src/summary2/bundle_writer.dart:170:35)
[async_value_nullable_pattern] 2025-06-14T00:42:54.494888 #14     BundleWriter._writeList (package:analyzer/src/summary2/bundle_writer.dart:430:19)
[async_value_nullable_pattern] 2025-06-14T00:42:54.494888 #15     BundleWriter._writeClassElement.<anonymous closure> (package:analyzer/src/summary2/bundle_writer.dart:155:9)
[async_value_nullable_pattern] 2025-06-14T00:42:54.494888 #16     BundleWriter._writeTypeParameters.<anonymous closure> (package:analyzer/src/summary2/bundle_writer.dart:640:8)
[async_value_nullable_pattern] 2025-06-14T00:42:54.494888 #17     _LocalElementIndexer.withElements (package:analyzer/src/summary2/bundle_writer.dart:1218:6)
[async_value_nullable_pattern] 2025-06-14T00:42:54.494888 #18     BundleWriter._writeTypeParameters (package:analyzer/src/summary2/bundle_writer.dart:638:35)
[async_value_nullable_pattern] 2025-06-14T00:42:54.494888 #19     BundleWriter._writeClassElement (package:analyzer/src/summary2/bundle_writer.dart:140:5)
[async_value_nullable_pattern] 2025-06-14T00:42:54.494888 #20     BundleWriter._writeList (package:analyzer/src/summary2/bundle_writer.dart:430:19)
[async_value_nullable_pattern] 2025-06-14T00:42:54.494888 #21     BundleWriter._writeUnitElement (package:analyzer/src/summary2/bundle_writer.dart:657:5)
[async_value_nullable_pattern] 2025-06-14T00:42:54.494888 #22     BundleWriter.writeLibraryElement (package:analyzer/src/summary2/bundle_writer.dart:112:5)
[async_value_nullable_pattern] 2025-06-14T00:42:54.494888 #23     Linker._writeLibraries (package:analyzer/src/summary2/link.dart:374:20)
[async_value_nullable_pattern] 2025-06-14T00:42:54.494888 #24     Linker.link.<anonymous closure> (package:analyzer/src/summary2/link.dart:122:7)
[async_value_nullable_pattern] 2025-06-14T00:42:54.494888 #25     OperationPerformanceImpl.run (package:analyzer/src/util/performance/operation_performance.dart:155:23)
[async_value_nullable_pattern] 2025-06-14T00:42:54.494888 #26     Linker.link (package:analyzer/src/summary2/link.dart:121:17)
[async_value_nullable_pattern] 2025-06-14T00:42:54.494888 #27     link (package:analyzer/src/summary2/link.dart:43:10)
[async_value_nullable_pattern] 2025-06-14T00:42:54.494888 #28     LibraryContext.load.loadBundle.<anonymous closure> (package:analyzer/src/dart/analysis/library_context.dart:263:22)
[async_value_nullable_pattern] 2025-06-14T00:42:54.494888 #29     OperationPerformanceImpl.run (package:analyzer/src/util/performance/operation_performance.dart:155:23)
[async_value_nullable_pattern] 2025-06-14T00:42:54.494888 #30     LibraryContext.load.loadBundle (package:analyzer/src/dart/analysis/library_context.dart:262:42)
[async_value_nullable_pattern] 2025-06-14T00:42:54.494888 #31     LibraryContext.load.<anonymous closure> (package:analyzer/src/dart/analysis/library_context.dart:344:7)
[async_value_nullable_pattern] 2025-06-14T00:42:54.494888 #32     PerformanceLog.run (package:analyzer/src/dart/analysis/performance_logger.dart:38:15)
[async_value_nullable_pattern] 2025-06-14T00:42:54.494888 #33     LibraryContext.load (package:analyzer/src/dart/analysis/library_context.dart:343:12)
[async_value_nullable_pattern] 2025-06-14T00:42:54.494888 #34     AnalysisDriver._analyzeFileImpl.<anonymous closure>.<anonymous closure> (package:analyzer/src/dart/analysis/driver.dart:1376:26)
[async_value_nullable_pattern] 2025-06-14T00:42:54.494888 #35     OperationPerformanceImpl.run (package:analyzer/src/util/performance/operation_performance.dart:155:23)
[async_value_nullable_pattern] 2025-06-14T00:42:54.494888 #36     AnalysisDriver._analyzeFileImpl.<anonymous closure> (package:analyzer/src/dart/analysis/driver.dart:1375:21)
[async_value_nullable_pattern] 2025-06-14T00:42:54.494888 #37     PerformanceLog.run (package:analyzer/src/dart/analysis/performance_logger.dart:38:15)
[async_value_nullable_pattern] 2025-06-14T00:42:54.494888 #38     AnalysisDriver._analyzeFileImpl (package:analyzer/src/dart/analysis/driver.dart:1348:20)
[async_value_nullable_pattern] 2025-06-14T00:42:54.494888 #39     AnalysisDriver._analyzeFile.<anonymous closure> (package:analyzer/src/dart/analysis/driver.dart:1325:9)
[async_value_nullable_pattern] 2025-06-14T00:42:54.494888 #40     OperationPerformanceImpl.run (package:analyzer/src/util/performance/operation_performance.dart:155:23)
[async_value_nullable_pattern] 2025-06-14T00:42:54.494888 #41     AnalysisDriver._analyzeFile (package:analyzer/src/dart/analysis/driver.dart:1322:38)
[async_value_nullable_pattern] 2025-06-14T00:42:54.494888 #42     AnalysisDriver.performWork (package:analyzer/src/dart/analysis/driver.dart:1217:7)
[async_value_nullable_pattern] 2025-06-14T00:42:54.494888 #43     AnalysisDriverScheduler._run (package:analyzer/src/dart/analysis/driver.dart:2659:24)
[async_value_nullable_pattern] 2025-06-14T00:42:54.494888 <asynchronous suspension>
[async_value_nullable_pattern] 2025-06-14T00:42:54.494888
[async_value_nullable_pattern] 2025-06-14T00:42:54.494888
[async_value_nullable_pattern] 2025-06-14T00:42:54.494888 #0      LibraryContext._throwLibraryCycleLinkException (package:analyzer/src/dart/analysis/library_context.dart:419:5)
[async_value_nullable_pattern] 2025-06-14T00:42:54.494888 #1      LibraryContext.load.loadBundle (package:analyzer/src/dart/analysis/library_context.dart:294:11)
[async_value_nullable_pattern] 2025-06-14T00:42:54.494888 #2      LibraryContext.load.<anonymous closure> (package:analyzer/src/dart/analysis/library_context.dart:344:7)
[async_value_nullable_pattern] 2025-06-14T00:42:54.494888 #3      PerformanceLog.run (package:analyzer/src/dart/analysis/performance_logger.dart:38:15)
[async_value_nullable_pattern] 2025-06-14T00:42:54.494888 #4      LibraryContext.load (package:analyzer/src/dart/analysis/library_context.dart:343:12)
[async_value_nullable_pattern] 2025-06-14T00:42:54.494888 #5      AnalysisDriver._analyzeFileImpl.<anonymous closure>.<anonymous closure> (package:analyzer/src/dart/analysis/driver.dart:1376:26)
[async_value_nullable_pattern] 2025-06-14T00:42:54.494888 #6      OperationPerformanceImpl.run (package:analyzer/src/util/performance/operation_performance.dart:155:23)
[async_value_nullable_pattern] 2025-06-14T00:42:54.494888 #7      AnalysisDriver._analyzeFileImpl.<anonymous closure> (package:analyzer/src/dart/analysis/driver.dart:1375:21)
[async_value_nullable_pattern] 2025-06-14T00:42:54.494888 #8      PerformanceLog.run (package:analyzer/src/dart/analysis/performance_logger.dart:38:15)
[async_value_nullable_pattern] 2025-06-14T00:42:54.494888 #9      AnalysisDriver._analyzeFileImpl (package:analyzer/src/dart/analysis/driver.dart:1348:20)
[async_value_nullable_pattern] 2025-06-14T00:42:54.494888 #10     AnalysisDriver._analyzeFile.<anonymous closure> (package:analyzer/src/dart/analysis/driver.dart:1325:9)
[async_value_nullable_pattern] 2025-06-14T00:42:54.494888 #11     OperationPerformanceImpl.run (package:analyzer/src/util/performance/operation_performance.dart:155:23)
[async_value_nullable_pattern] 2025-06-14T00:42:54.494888 #12     AnalysisDriver._analyzeFile (package:analyzer/src/dart/analysis/driver.dart:1322:38)
[async_value_nullable_pattern] 2025-06-14T00:42:54.494888 #13     AnalysisDriver.performWork (package:analyzer/src/dart/analysis/driver.dart:1217:7)
[async_value_nullable_pattern] 2025-06-14T00:42:54.494888 #14     AnalysisDriverScheduler._run (package:analyzer/src/dart/analysis/driver.dart:2659:24)
[async_value_nullable_pattern] 2025-06-14T00:42:54.494888 <asynchronous suspension>
[async_value_nullable_pattern] 2025-06-14T00:42:54.494888
[async_value_nullable_pattern] 2025-06-14T00:42:54.496559 Plugin async_value_nullable_pattern threw while analyzing /Users/brendon/Desktop/Kinnelhead/service/SRC/mobile/service_mobile/lib/pages/create_job.dart:
[async_value_nullable_pattern] 2025-06-14T00:42:54.496559 Exception: Missing implementation of visitDotShorthandPropertyAccess
[async_value_nullable_pattern] 2025-06-14T00:42:54.496559 #0      ThrowingAstVisitor._throw (package:analyzer/dart/ast/visitor.dart:2971:5)
[async_value_nullable_pattern] 2025-06-14T00:42:54.496559 #1      ThrowingAstVisitor.visitDotShorthandPropertyAccess (package:analyzer/dart/ast/visitor.dart:2542:7)
[async_value_nullable_pattern] 2025-06-14T00:42:54.496559 #2      DotShorthandPropertyAccessImpl.accept (package:analyzer/src/dart/ast/ast.dart:5534:15)
[async_value_nullable_pattern] 2025-06-14T00:42:54.496559 #3      AstBinaryWriter._writeNodeList (package:analyzer/src/summary2/ast_binary_writer.dart:976:19)
[async_value_nullable_pattern] 2025-06-14T00:42:54.496559 #4      AstBinaryWriter.visitArgumentList (package:analyzer/src/summary2/ast_binary_writer.dart:54:5)
[async_value_nullable_pattern] 2025-06-14T00:42:54.496559 #5      ArgumentListImpl.accept (package:analyzer/src/dart/ast/ast.dart:470:50)
[async_value_nullable_pattern] 2025-06-14T00:42:54.496559 #6      AstBinaryWriter._writeNode (package:analyzer/src/summary2/ast_binary_writer.dart:970:10)
[async_value_nullable_pattern] 2025-06-14T00:42:54.496559 #7      AstBinaryWriter.visitSuperConstructorInvocation (package:analyzer/src/summary2/ast_binary_writer.dart:798:5)
[async_value_nullable_pattern] 2025-06-14T00:42:54.496559 #8      SuperConstructorInvocationImpl.accept (package:analyzer/src/dart/ast/ast.dart:17038:15)
[async_value_nullable_pattern] 2025-06-14T00:42:54.496559 #9      ResolutionSink._writeNode (package:analyzer/src/summary2/bundle_writer.dart:955:10)
[async_value_nullable_pattern] 2025-06-14T00:42:54.496559 #10     ResolutionSink._writeNodeList (package:analyzer/src/summary2/bundle_writer.dart:961:7)
[async_value_nullable_pattern] 2025-06-14T00:42:54.496559 #11     BundleWriter._writeConstructorElement.<anonymous closure> (package:analyzer/src/summary2/bundle_writer.dart:174:23)
[async_value_nullable_pattern] 2025-06-14T00:42:54.496559 #12     _LocalElementIndexer.withElements (package:analyzer/src/summary2/bundle_writer.dart:1218:6)
[async_value_nullable_pattern] 2025-06-14T00:42:54.496559 #13     BundleWriter._writeConstructorElement (package:analyzer/src/summary2/bundle_writer.dart:170:35)
[async_value_nullable_pattern] 2025-06-14T00:42:54.496559 #14     BundleWriter._writeList (package:analyzer/src/summary2/bundle_writer.dart:430:19)
[async_value_nullable_pattern] 2025-06-14T00:42:54.496559 #15     BundleWriter._writeClassElement.<anonymous closure> (package:analyzer/src/summary2/bundle_writer.dart:155:9)
[async_value_nullable_pattern] 2025-06-14T00:42:54.496559 #16     BundleWriter._writeTypeParameters.<anonymous closure> (package:analyzer/src/summary2/bundle_writer.dart:640:8)
[async_value_nullable_pattern] 2025-06-14T00:42:54.496559 #17     _LocalElementIndexer.withElements (package:analyzer/src/summary2/bundle_writer.dart:1218:6)
[async_value_nullable_pattern] 2025-06-14T00:42:54.496559 #18     BundleWriter._writeTypeParameters (package:analyzer/src/summary2/bundle_writer.dart:638:35)
[async_value_nullable_pattern] 2025-06-14T00:42:54.496559 #19     BundleWriter._writeClassElement (package:analyzer/src/summary2/bundle_writer.dart:140:5)
[async_value_nullable_pattern] 2025-06-14T00:42:54.496559 #20     BundleWriter._writeList (package:analyzer/src/summary2/bundle_writer.dart:430:19)
[async_value_nullable_pattern] 2025-06-14T00:42:54.496559 #21     BundleWriter._writeUnitElement (package:analyzer/src/summary2/bundle_writer.dart:657:5)
[async_value_nullable_pattern] 2025-06-14T00:42:54.496559 #22     BundleWriter.writeLibraryElement (package:analyzer/src/summary2/bundle_writer.dart:112:5)
[async_value_nullable_pattern] 2025-06-14T00:42:54.496559 #23     Linker._writeLibraries (package:analyzer/src/summary2/link.dart:374:20)
[async_value_nullable_pattern] 2025-06-14T00:42:54.496559 #24     Linker.link.<anonymous closure> (package:analyzer/src/summary2/link.dart:122:7)
[async_value_nullable_pattern] 2025-06-14T00:42:54.496559 #25     OperationPerformanceImpl.run (package:analyzer/src/util/performance/operation_performance.dart:155:23)
[async_value_nullable_pattern] 2025-06-14T00:42:54.496559 #26     Linker.link (package:analyzer/src/summary2/link.dart:121:17)
[async_value_nullable_pattern] 2025-06-14T00:42:54.496559 #27     link (package:analyzer/src/summary2/link.dart:43:10)
[async_value_nullable_pattern] 2025-06-14T00:42:54.496559 #28     LibraryContext.load.loadBundle.<anonymous closure> (package:analyzer/src/dart/analysis/library_context.dart:263:22)
[async_value_nullable_pattern] 2025-06-14T00:42:54.496559 #29     OperationPerformanceImpl.run (package:analyzer/src/util/performance/operation_performance.dart:155:23)
[async_value_nullable_pattern] 2025-06-14T00:42:54.496559 #30     LibraryContext.load.loadBundle (package:analyzer/src/dart/analysis/library_context.dart:262:42)
[async_value_nullable_pattern] 2025-06-14T00:42:54.496559 #31     LibraryContext.load.<anonymous closure> (package:analyzer/src/dart/analysis/library_context.dart:344:7)
[async_value_nullable_pattern] 2025-06-14T00:42:54.496559 #32     PerformanceLog.run (package:analyzer/src/dart/analysis/performance_logger.dart:38:15)
[async_value_nullable_pattern] 2025-06-14T00:42:54.496559 #33     LibraryContext.load (package:analyzer/src/dart/analysis/library_context.dart:343:12)
[async_value_nullable_pattern] 2025-06-14T00:42:54.496559 #34     AnalysisDriver._analyzeFileImpl.<anonymous closure>.<anonymous closure> (package:analyzer/src/dart/analysis/driver.dart:1376:26)
[async_value_nullable_pattern] 2025-06-14T00:42:54.496559 #35     OperationPerformanceImpl.run (package:analyzer/src/util/performance/operation_performance.dart:155:23)
[async_value_nullable_pattern] 2025-06-14T00:42:54.496559 #36     AnalysisDriver._analyzeFileImpl.<anonymous closure> (package:analyzer/src/dart/analysis/driver.dart:1375:21)
[async_value_nullable_pattern] 2025-06-14T00:42:54.496559 #37     PerformanceLog.run (package:analyzer/src/dart/analysis/performance_logger.dart:38:15)
[async_value_nullable_pattern] 2025-06-14T00:42:54.496559 #38     AnalysisDriver._analyzeFileImpl (package:analyzer/src/dart/analysis/driver.dart:1348:20)
[async_value_nullable_pattern] 2025-06-14T00:42:54.496559 #39     AnalysisDriver._analyzeFile.<anonymous closure> (package:analyzer/src/dart/analysis/driver.dart:1325:9)
[async_value_nullable_pattern] 2025-06-14T00:42:54.496559 #40     OperationPerformanceImpl.run (package:analyzer/src/util/performance/operation_performance.dart:155:23)
[async_value_nullable_pattern] 2025-06-14T00:42:54.496559 #41     AnalysisDriver._analyzeFile (package:analyzer/src/dart/analysis/driver.dart:1322:38)
[async_value_nullable_pattern] 2025-06-14T00:42:54.496559 #42     AnalysisDriver.performWork (package:analyzer/src/dart/analysis/driver.dart:1217:7)
[async_value_nullable_pattern] 2025-06-14T00:42:54.496559 #43     AnalysisDriverScheduler._run (package:analyzer/src/dart/analysis/driver.dart:2659:24)
[async_value_nullable_pattern] 2025-06-14T00:42:54.496559 <asynchronous suspension>
[async_value_nullable_pattern] 2025-06-14T00:42:54.496559
[async_value_nullable_pattern] 2025-06-14T00:42:54.496559
[async_value_nullable_pattern] 2025-06-14T00:42:54.496559 #0      LibraryContext._throwLibraryCycleLinkException (package:analyzer/src/dart/analysis/library_context.dart:419:5)
[async_value_nullable_pattern] 2025-06-14T00:42:54.496559 #1      LibraryContext.load.loadBundle (package:analyzer/src/dart/analysis/library_context.dart:294:11)
[async_value_nullable_pattern] 2025-06-14T00:42:54.496559 #2      LibraryContext.load.<anonymous closure> (package:analyzer/src/dart/analysis/library_context.dart:344:7)
[async_value_nullable_pattern] 2025-06-14T00:42:54.496559 #3      PerformanceLog.run (package:analyzer/src/dart/analysis/performance_logger.dart:38:15)
[async_value_nullable_pattern] 2025-06-14T00:42:54.496559 #4      LibraryContext.load (package:analyzer/src/dart/analysis/library_context.dart:343:12)
[async_value_nullable_pattern] 2025-06-14T00:42:54.496559 #5      AnalysisDriver._analyzeFileImpl.<anonymous closure>.<anonymous closure> (package:analyzer/src/dart/analysis/driver.dart:1376:26)
[async_value_nullable_pattern] 2025-06-14T00:42:54.496559 #6      OperationPerformanceImpl.run (package:analyzer/src/util/performance/operation_performance.dart:155:23)
[async_value_nullable_pattern] 2025-06-14T00:42:54.496559 #7      AnalysisDriver._analyzeFileImpl.<anonymous closure> (package:analyzer/src/dart/analysis/driver.dart:1375:21)
[async_value_nullable_pattern] 2025-06-14T00:42:54.496559 #8      PerformanceLog.run (package:analyzer/src/dart/analysis/performance_logger.dart:38:15)
[async_value_nullable_pattern] 2025-06-14T00:42:54.496559 #9      AnalysisDriver._analyzeFileImpl (package:analyzer/src/dart/analysis/driver.dart:1348:20)
[async_value_nullable_pattern] 2025-06-14T00:42:54.496559 #10     AnalysisDriver._analyzeFile.<anonymous closure> (package:analyzer/src/dart/analysis/driver.dart:1325:9)
[async_value_nullable_pattern] 2025-06-14T00:42:54.496559 #11     OperationPerformanceImpl.run (package:analyzer/src/util/performance/operation_performance.dart:155:23)
[async_value_nullable_pattern] 2025-06-14T00:42:54.496559 #12     AnalysisDriver._analyzeFile (package:analyzer/src/dart/analysis/driver.dart:1322:38)
[async_value_nullable_pattern] 2025-06-14T00:42:54.496559 #13     AnalysisDriver.performWork (package:analyzer/src/dart/analysis/driver.dart:1217:7)
[async_value_nullable_pattern] 2025-06-14T00:42:54.496559 #14     AnalysisDriverScheduler._run (package:analyzer/src/dart/analysis/driver.dart:2659:24)
[async_value_nullable_pattern] 2025-06-14T00:42:54.496559 <asynchronous suspension>
[async_value_nullable_pattern] 2025-06-14T00:42:54.496559
[WrapWithConsumer] 2025-06-14T00:42:54.970426 Plugin WrapWithConsumer threw while analyzing /Users/brendon/Desktop/Kinnelhead/service/SRC/mobile/service_mobile/lib/pages/create_job.dart:
[WrapWithConsumer] 2025-06-14T00:42:54.970426 Exception: Missing implementation of visitDotShorthandPropertyAccess
[WrapWithConsumer] 2025-06-14T00:42:54.970426 #0      ThrowingAstVisitor._throw (package:analyzer/dart/ast/visitor.dart:2971:5)
[WrapWithConsumer] 2025-06-14T00:42:54.970426 #1      ThrowingAstVisitor.visitDotShorthandPropertyAccess (package:analyzer/dart/ast/visitor.dart:2542:7)
[WrapWithConsumer] 2025-06-14T00:42:54.970426 #2      DotShorthandPropertyAccessImpl.accept (package:analyzer/src/dart/ast/ast.dart:5534:15)
[WrapWithConsumer] 2025-06-14T00:42:54.970426 #3      AstBinaryWriter._writeNodeList (package:analyzer/src/summary2/ast_binary_writer.dart:976:19)
[WrapWithConsumer] 2025-06-14T00:42:54.970426 #4      AstBinaryWriter.visitArgumentList (package:analyzer/src/summary2/ast_binary_writer.dart:54:5)
[WrapWithConsumer] 2025-06-14T00:42:54.970426 #5      ArgumentListImpl.accept (package:analyzer/src/dart/ast/ast.dart:470:50)
[WrapWithConsumer] 2025-06-14T00:42:54.970426 #6      AstBinaryWriter._writeNode (package:analyzer/src/summary2/ast_binary_writer.dart:970:10)
[WrapWithConsumer] 2025-06-14T00:42:54.970426 #7      AstBinaryWriter.visitSuperConstructorInvocation (package:analyzer/src/summary2/ast_binary_writer.dart:798:5)
[WrapWithConsumer] 2025-06-14T00:42:54.970426 #8      SuperConstructorInvocationImpl.accept (package:analyzer/src/dart/ast/ast.dart:17038:15)
[WrapWithConsumer] 2025-06-14T00:42:54.970426 #9      ResolutionSink._writeNode (package:analyzer/src/summary2/bundle_writer.dart:955:10)
[WrapWithConsumer] 2025-06-14T00:42:54.970426 #10     ResolutionSink._writeNodeList (package:analyzer/src/summary2/bundle_writer.dart:961:7)
[WrapWithConsumer] 2025-06-14T00:42:54.970426 #11     BundleWriter._writeConstructorElement.<anonymous closure> (package:analyzer/src/summary2/bundle_writer.dart:174:23)
[WrapWithConsumer] 2025-06-14T00:42:54.970426 #12     _LocalElementIndexer.withElements (package:analyzer/src/summary2/bundle_writer.dart:1218:6)
[WrapWithConsumer] 2025-06-14T00:42:54.970426 #13     BundleWriter._writeConstructorElement (package:analyzer/src/summary2/bundle_writer.dart:170:35)
[WrapWithConsumer] 2025-06-14T00:42:54.970426 #14     BundleWriter._writeList (package:analyzer/src/summary2/bundle_writer.dart:430:19)
[WrapWithConsumer] 2025-06-14T00:42:54.970426 #15     BundleWriter._writeClassElement.<anonymous closure> (package:analyzer/src/summary2/bundle_writer.dart:155:9)
[WrapWithConsumer] 2025-06-14T00:42:54.970426 #16     BundleWriter._writeTypeParameters.<anonymous closure> (package:analyzer/src/summary2/bundle_writer.dart:640:8)
[WrapWithConsumer] 2025-06-14T00:42:54.970426 #17     _LocalElementIndexer.withElements (package:analyzer/src/summary2/bundle_writer.dart:1218:6)
[WrapWithConsumer] 2025-06-14T00:42:54.970426 #18     BundleWriter._writeTypeParameters (package:analyzer/src/summary2/bundle_writer.dart:638:35)
[WrapWithConsumer] 2025-06-14T00:42:54.970426 #19     BundleWriter._writeClassElement (package:analyzer/src/summary2/bundle_writer.dart:140:5)
[WrapWithConsumer] 2025-06-14T00:42:54.970426 #20     BundleWriter._writeList (package:analyzer/src/summary2/bundle_writer.dart:430:19)
[WrapWithConsumer] 2025-06-14T00:42:54.970426 #21     BundleWriter._writeUnitElement (package:analyzer/src/summary2/bundle_writer.dart:657:5)
[WrapWithConsumer] 2025-06-14T00:42:54.970426 #22     BundleWriter.writeLibraryElement (package:analyzer/src/summary2/bundle_writer.dart:112:5)
[WrapWithConsumer] 2025-06-14T00:42:54.970426 #23     Linker._writeLibraries (package:analyzer/src/summary2/link.dart:374:20)
[WrapWithConsumer] 2025-06-14T00:42:54.970426 #24     Linker.link.<anonymous closure> (package:analyzer/src/summary2/link.dart:122:7)
[WrapWithConsumer] 2025-06-14T00:42:54.970426 #25     OperationPerformanceImpl.run (package:analyzer/src/util/performance/operation_performance.dart:155:23)
[WrapWithConsumer] 2025-06-14T00:42:54.970426 #26     Linker.link (package:analyzer/src/summary2/link.dart:121:17)
[WrapWithConsumer] 2025-06-14T00:42:54.970426 #27     link (package:analyzer/src/summary2/link.dart:43:10)
[WrapWithConsumer] 2025-06-14T00:42:54.970426 #28     LibraryContext.load.loadBundle.<anonymous closure> (package:analyzer/src/dart/analysis/library_context.dart:263:22)
[WrapWithConsumer] 2025-06-14T00:42:54.970426 #29     OperationPerformanceImpl.run (package:analyzer/src/util/performance/operation_performance.dart:155:23)
[WrapWithConsumer] 2025-06-14T00:42:54.970426 #30     LibraryContext.load.loadBundle (package:analyzer/src/dart/analysis/library_context.dart:262:42)
[WrapWithConsumer] 2025-06-14T00:42:54.970426 #31     LibraryContext.load.<anonymous closure> (package:analyzer/src/dart/analysis/library_context.dart:344:7)
[WrapWithConsumer] 2025-06-14T00:42:54.970426 #32     PerformanceLog.run (package:analyzer/src/dart/analysis/performance_logger.dart:38:15)
[WrapWithConsumer] 2025-06-14T00:42:54.970426 #33     LibraryContext.load (package:analyzer/src/dart/analysis/library_context.dart:343:12)
[WrapWithConsumer] 2025-06-14T00:42:54.970426 #34     AnalysisDriver._analyzeFileImpl.<anonymous closure>.<anonymous closure> (package:analyzer/src/dart/analysis/driver.dart:1376:26)
[WrapWithConsumer] 2025-06-14T00:42:54.970426 #35     OperationPerformanceImpl.run (package:analyzer/src/util/performance/operation_performance.dart:155:23)
[WrapWithConsumer] 2025-06-14T00:42:54.970426 #36     AnalysisDriver._analyzeFileImpl.<anonymous closure> (package:analyzer/src/dart/analysis/driver.dart:1375:21)
[WrapWithConsumer] 2025-06-14T00:42:54.970426 #37     PerformanceLog.run (package:analyzer/src/dart/analysis/performance_logger.dart:38:15)
[WrapWithConsumer] 2025-06-14T00:42:54.970426 #38     AnalysisDriver._analyzeFileImpl (package:analyzer/src/dart/analysis/driver.dart:1348:20)
[WrapWithConsumer] 2025-06-14T00:42:54.970426 #39     AnalysisDriver._analyzeFile.<anonymous closure> (package:analyzer/src/dart/analysis/driver.dart:1325:9)
[WrapWithConsumer] 2025-06-14T00:42:54.970426 #40     OperationPerformanceImpl.run (package:analyzer/src/util/performance/operation_performance.dart:155:23)
[WrapWithConsumer] 2025-06-14T00:42:54.970426 #41     AnalysisDriver._analyzeFile (package:analyzer/src/dart/analysis/driver.dart:1322:38)
[WrapWithConsumer] 2025-06-14T00:42:54.970426 #42     AnalysisDriver.performWork (package:analyzer/src/dart/analysis/driver.dart:1217:7)
[WrapWithConsumer] 2025-06-14T00:42:54.970426 #43     AnalysisDriverScheduler._run (package:analyzer/src/dart/analysis/driver.dart:2659:24)
[WrapWithConsumer] 2025-06-14T00:42:54.970426 <asynchronous suspension>
[WrapWithConsumer] 2025-06-14T00:42:54.970426
[WrapWithConsumer] 2025-06-14T00:42:54.970426
[WrapWithConsumer] 2025-06-14T00:42:54.970426 #0      LibraryContext._throwLibraryCycleLinkException (package:analyzer/src/dart/analysis/library_context.dart:419:5)
[WrapWithConsumer] 2025-06-14T00:42:54.970426 #1      LibraryContext.load.loadBundle (package:analyzer/src/dart/analysis/library_context.dart:294:11)
[WrapWithConsumer] 2025-06-14T00:42:54.970426 #2      LibraryContext.load.<anonymous closure> (package:analyzer/src/dart/analysis/library_context.dart:344:7)
[WrapWithConsumer] 2025-06-14T00:42:54.970426 #3      PerformanceLog.run (package:analyzer/src/dart/analysis/performance_logger.dart:38:15)
[WrapWithConsumer] 2025-06-14T00:42:54.970426 #4      LibraryContext.load (package:analyzer/src/dart/analysis/library_context.dart:343:12)
[WrapWithConsumer] 2025-06-14T00:42:54.970426 #5      AnalysisDriver._analyzeFileImpl.<anonymous closure>.<anonymous closure> (package:analyzer/src/dart/analysis/driver.dart:1376:26)
[WrapWithConsumer] 2025-06-14T00:42:54.970426 #6      OperationPerformanceImpl.run (package:analyzer/src/util/performance/operation_performance.dart:155:23)
[WrapWithConsumer] 2025-06-14T00:42:54.970426 #7      AnalysisDriver._analyzeFileImpl.<anonymous closure> (package:analyzer/src/dart/analysis/driver.dart:1375:21)
[WrapWithConsumer] 2025-06-14T00:42:54.970426 #8      PerformanceLog.run (package:analyzer/src/dart/analysis/performance_logger.dart:38:15)
[WrapWithConsumer] 2025-06-14T00:42:54.970426 #9      AnalysisDriver._analyzeFileImpl (package:analyzer/src/dart/analysis/driver.dart:1348:20)
[WrapWithConsumer] 2025-06-14T00:42:54.970426 #10     AnalysisDriver._analyzeFile.<anonymous closure> (package:analyzer/src/dart/analysis/driver.dart:1325:9)
[WrapWithConsumer] 2025-06-14T00:42:54.970426 #11     OperationPerformanceImpl.run (package:analyzer/src/util/performance/operation_performance.dart:155:23)
[WrapWithConsumer] 2025-06-14T00:42:54.970426 #12     AnalysisDriver._analyzeFile (package:analyzer/src/dart/analysis/driver.dart:1322:38)
[WrapWithConsumer] 2025-06-14T00:42:54.970426 #13     AnalysisDriver.performWork (package:analyzer/src/dart/analysis/driver.dart:1217:7)
[WrapWithConsumer] 2025-06-14T00:42:54.970426 #14     AnalysisDriverScheduler._run (package:analyzer/src/dart/analysis/driver.dart:2659:24)
[WrapWithConsumer] 2025-06-14T00:42:54.970426 <asynchronous suspension>
[WrapWithConsumer] 2025-06-14T00:42:54.970426
[WrapWithConsumer] 2025-06-14T00:42:54.971199 Plugin WrapWithConsumer threw while analyzing /Users/brendon/Desktop/Kinnelhead/service/SRC/mobile/service_mobile/lib/pages/create_job.dart:
[WrapWithConsumer] 2025-06-14T00:42:54.971199 Exception: Missing implementation of visitDotShorthandPropertyAccess
[WrapWithConsumer] 2025-06-14T00:42:54.971199 #0      ThrowingAstVisitor._throw (package:analyzer/dart/ast/visitor.dart:2971:5)
[WrapWithConsumer] 2025-06-14T00:42:54.971199 #1      ThrowingAstVisitor.visitDotShorthandPropertyAccess (package:analyzer/dart/ast/visitor.dart:2542:7)
[WrapWithConsumer] 2025-06-14T00:42:54.971199 #2      DotShorthandPropertyAccessImpl.accept (package:analyzer/src/dart/ast/ast.dart:5534:15)
[WrapWithConsumer] 2025-06-14T00:42:54.971199 #3      AstBinaryWriter._writeNodeList (package:analyzer/src/summary2/ast_binary_writer.dart:976:19)
[WrapWithConsumer] 2025-06-14T00:42:54.971199 #4      AstBinaryWriter.visitArgumentList (package:analyzer/src/summary2/ast_binary_writer.dart:54:5)
[WrapWithConsumer] 2025-06-14T00:42:54.971199 #5      ArgumentListImpl.accept (package:analyzer/src/dart/ast/ast.dart:470:50)
[WrapWithConsumer] 2025-06-14T00:42:54.971199 #6      AstBinaryWriter._writeNode (package:analyzer/src/summary2/ast_binary_writer.dart:970:10)
[WrapWithConsumer] 2025-06-14T00:42:54.971199 #7      AstBinaryWriter.visitSuperConstructorInvocation (package:analyzer/src/summary2/ast_binary_writer.dart:798:5)
[WrapWithConsumer] 2025-06-14T00:42:54.971199 #8      SuperConstructorInvocationImpl.accept (package:analyzer/src/dart/ast/ast.dart:17038:15)
[WrapWithConsumer] 2025-06-14T00:42:54.971199 #9      ResolutionSink._writeNode (package:analyzer/src/summary2/bundle_writer.dart:955:10)
[WrapWithConsumer] 2025-06-14T00:42:54.971199 #10     ResolutionSink._writeNodeList (package:analyzer/src/summary2/bundle_writer.dart:961:7)
[WrapWithConsumer] 2025-06-14T00:42:54.971199 #11     BundleWriter._writeConstructorElement.<anonymous closure> (package:analyzer/src/summary2/bundle_writer.dart:174:23)
[WrapWithConsumer] 2025-06-14T00:42:54.971199 #12     _LocalElementIndexer.withElements (package:analyzer/src/summary2/bundle_writer.dart:1218:6)
[WrapWithConsumer] 2025-06-14T00:42:54.971199 #13     BundleWriter._writeConstructorElement (package:analyzer/src/summary2/bundle_writer.dart:170:35)
[WrapWithConsumer] 2025-06-14T00:42:54.971199 #14     BundleWriter._writeList (package:analyzer/src/summary2/bundle_writer.dart:430:19)
[WrapWithConsumer] 2025-06-14T00:42:54.971199 #15     BundleWriter._writeClassElement.<anonymous closure> (package:analyzer/src/summary2/bundle_writer.dart:155:9)
[WrapWithConsumer] 2025-06-14T00:42:54.971199 #16     BundleWriter._writeTypeParameters.<anonymous closure> (package:analyzer/src/summary2/bundle_writer.dart:640:8)
[WrapWithConsumer] 2025-06-14T00:42:54.971199 #17     _LocalElementIndexer.withElements (package:analyzer/src/summary2/bundle_writer.dart:1218:6)
[WrapWithConsumer] 2025-06-14T00:42:54.971199 #18     BundleWriter._writeTypeParameters (package:analyzer/src/summary2/bundle_writer.dart:638:35)
[WrapWithConsumer] 2025-06-14T00:42:54.971199 #19     BundleWriter._writeClassElement (package:analyzer/src/summary2/bundle_writer.dart:140:5)
[WrapWithConsumer] 2025-06-14T00:42:54.971199 #20     BundleWriter._writeList (package:analyzer/src/summary2/bundle_writer.dart:430:19)
[WrapWithConsumer] 2025-06-14T00:42:54.971199 #21     BundleWriter._writeUnitElement (package:analyzer/src/summary2/bundle_writer.dart:657:5)
[WrapWithConsumer] 2025-06-14T00:42:54.971199 #22     BundleWriter.writeLibraryElement (package:analyzer/src/summary2/bundle_writer.dart:112:5)
[WrapWithConsumer] 2025-06-14T00:42:54.971199 #23     Linker._writeLibraries (package:analyzer/src/summary2/link.dart:374:20)
[WrapWithConsumer] 2025-06-14T00:42:54.971199 #24     Linker.link.<anonymous closure> (package:analyzer/src/summary2/link.dart:122:7)
[WrapWithConsumer] 2025-06-14T00:42:54.971199 #25     OperationPerformanceImpl.run (package:analyzer/src/util/performance/operation_performance.dart:155:23)
[WrapWithConsumer] 2025-06-14T00:42:54.971199 #26     Linker.link (package:analyzer/src/summary2/link.dart:121:17)
[WrapWithConsumer] 2025-06-14T00:42:54.971199 #27     link (package:analyzer/src/summary2/link.dart:43:10)
[WrapWithConsumer] 2025-06-14T00:42:54.971199 #28     LibraryContext.load.loadBundle.<anonymous closure> (package:analyzer/src/dart/analysis/library_context.dart:263:22)
[WrapWithConsumer] 2025-06-14T00:42:54.971199 #29     OperationPerformanceImpl.run (package:analyzer/src/util/performance/operation_performance.dart:155:23)
[WrapWithConsumer] 2025-06-14T00:42:54.971199 #30     LibraryContext.load.loadBundle (package:analyzer/src/dart/analysis/library_context.dart:262:42)
[WrapWithConsumer] 2025-06-14T00:42:54.971199 #31     LibraryContext.load.<anonymous closure> (package:analyzer/src/dart/analysis/library_context.dart:344:7)
[WrapWithConsumer] 2025-06-14T00:42:54.971199 #32     PerformanceLog.run (package:analyzer/src/dart/analysis/performance_logger.dart:38:15)
[WrapWithConsumer] 2025-06-14T00:42:54.971199 #33     LibraryContext.load (package:analyzer/src/dart/analysis/library_context.dart:343:12)
[WrapWithConsumer] 2025-06-14T00:42:54.971199 #34     AnalysisDriver._analyzeFileImpl.<anonymous closure>.<anonymous closure> (package:analyzer/src/dart/analysis/driver.dart:1376:26)
[WrapWithConsumer] 2025-06-14T00:42:54.971199 #35     OperationPerformanceImpl.run (package:analyzer/src/util/performance/operation_performance.dart:155:23)
[WrapWithConsumer] 2025-06-14T00:42:54.971199 #36     AnalysisDriver._analyzeFileImpl.<anonymous closure> (package:analyzer/src/dart/analysis/driver.dart:1375:21)
[WrapWithConsumer] 2025-06-14T00:42:54.971199 #37     PerformanceLog.run (package:analyzer/src/dart/analysis/performance_logger.dart:38:15)
[WrapWithConsumer] 2025-06-14T00:42:54.971199 #38     AnalysisDriver._analyzeFileImpl (package:analyzer/src/dart/analysis/driver.dart:1348:20)
[WrapWithConsumer] 2025-06-14T00:42:54.971199 #39     AnalysisDriver._analyzeFile.<anonymous closure> (package:analyzer/src/dart/analysis/driver.dart:1325:9)
[WrapWithConsumer] 2025-06-14T00:42:54.971199 #40     OperationPerformanceImpl.run (package:analyzer/src/util/performance/operation_performance.dart:155:23)
[WrapWithConsumer] 2025-06-14T00:42:54.971199 #41     AnalysisDriver._analyzeFile (package:analyzer/src/dart/analysis/driver.dart:1322:38)
[WrapWithConsumer] 2025-06-14T00:42:54.971199 #42     AnalysisDriver.performWork (package:analyzer/src/dart/analysis/driver.dart:1217:7)
[WrapWithConsumer] 2025-06-14T00:42:54.971199 #43     AnalysisDriverScheduler._run (package:analyzer/src/dart/analysis/driver.dart:2659:24)
[WrapWithConsumer] 2025-06-14T00:42:54.971199 <asynchronous suspension>
[WrapWithConsumer] 2025-06-14T00:42:54.971199
[WrapWithConsumer] 2025-06-14T00:42:54.971199
[WrapWithConsumer] 2025-06-14T00:42:54.971199 #0      LibraryContext._throwLibraryCycleLinkException (package:analyzer/src/dart/analysis/library_context.dart:419:5)
[WrapWithConsumer] 2025-06-14T00:42:54.971199 #1      LibraryContext.load.loadBundle (package:analyzer/src/dart/analysis/library_context.dart:294:11)
[WrapWithConsumer] 2025-06-14T00:42:54.971199 #2      LibraryContext.load.<anonymous closure> (package:analyzer/src/dart/analysis/library_context.dart:344:7)
[WrapWithConsumer] 2025-06-14T00:42:54.971199 #3      PerformanceLog.run (package:analyzer/src/dart/analysis/performance_logger.dart:38:15)
[WrapWithConsumer] 2025-06-14T00:42:54.971199 #4      LibraryContext.load (package:analyzer/src/dart/analysis/library_context.dart:343:12)
[WrapWithConsumer] 2025-06-14T00:42:54.971199 #5      AnalysisDriver._analyzeFileImpl.<anonymous closure>.<anonymous closure> (package:analyzer/src/dart/analysis/driver.dart:1376:26)
[WrapWithConsumer] 2025-06-14T00:42:54.971199 #6      OperationPerformanceImpl.run (package:analyzer/src/util/performance/operation_performance.dart:155:23)
[WrapWithConsumer] 2025-06-14T00:42:54.971199 #7      AnalysisDriver._analyzeFileImpl.<anonymous closure> (package:analyzer/src/dart/analysis/driver.dart:1375:21)
[WrapWithConsumer] 2025-06-14T00:42:54.971199 #8      PerformanceLog.run (package:analyzer/src/dart/analysis/performance_logger.dart:38:15)
[WrapWithConsumer] 2025-06-14T00:42:54.971199 #9      AnalysisDriver._analyzeFileImpl (package:analyzer/src/dart/analysis/driver.dart:1348:20)
[WrapWithConsumer] 2025-06-14T00:42:54.971199 #10     AnalysisDriver._analyzeFile.<anonymous closure> (package:analyzer/src/dart/analysis/driver.dart:1325:9)
[WrapWithConsumer] 2025-06-14T00:42:54.971199 #11     OperationPerformanceImpl.run (package:analyzer/src/util/performance/operation_performance.dart:155:23)
[WrapWithConsumer] 2025-06-14T00:42:54.971199 #12     AnalysisDriver._analyzeFile (package:analyzer/src/dart/analysis/driver.dart:1322:38)
[WrapWithConsumer] 2025-06-14T00:42:54.971199 #13     AnalysisDriver.performWork (package:analyzer/src/dart/analysis/driver.dart:1217:7)
[WrapWithConsumer] 2025-06-14T00:42:54.971199 #14     AnalysisDriverScheduler._run (package:analyzer/src/dart/analysis/driver.dart:2659:24)
[WrapWithConsumer] 2025-06-14T00:42:54.971199 <asynchronous suspension>
[WrapWithConsumer] 2025-06-14T00:42:54.971199
The request analysis.updateContent failed with the following error:
RequestErrorCode.PLUGIN_ERROR
A request threw the exception:PathNotFoundException(path=/Users/brendon/Desktop/Kinnelhead/service/SRC/mobile/service_mobile/lib/pages/home_page.dart; message=Cannot retrieve modification time)
#0      _PhysicalFile.modificationStamp (package:analyzer/file_system/physical_file_system.dart:118:7)
#1      _OverlayFile.modificationStamp (package:analyzer/file_system/overlay_file_system.dart:142:18)
#2      FileSource.contentsFromFile (package:analyzer/source/file_source.dart:56:12)
#3      FileSource.contents (package:analyzer/source/file_source.dart:43:12)
#4      ExpectLint.run (package:custom_lint_builder/src/expect_lint.dart:37:23)
#5      _ClientAnalyzerPlugin.analyzeFile.<anonymous closure> (package:custom_lint_builder/src/client.dart:977:41)
<asynchronous suspension>
#6      _ClientAnalyzerPlugin._runOperation (package:custom_lint_builder/src/client.dart:1094:14)
<asynchronous suspension>
#7      _ClientAnalyzerPlugin.analyzeFile (package:custom_lint_builder/src/client.dart:931:5)
<asynchronous suspension>
#8      ServerPlugin.analyzeFiles (package:analyzer_plugin/plugin/plugin.dart:111:9)
<asynchronous suspension>
#9      ServerPlugin.handleAffectedFiles (package:analyzer_plugin/plugin/plugin.dart:212:5)
<asynchronous suspension>
#10     ServerPlugin.contentChanged.<anonymous closure> (package:analyzer_plugin/plugin/plugin.dart:142:9)
<asynchronous suspension>
#11     ServerPlugin._forAnalysisContexts (package:analyzer_plugin/plugin/plugin.dart:508:9)
<asynchronous suspension>
#12     ServerPlugin.contentChanged (package:analyzer_plugin/plugin/plugin.dart:137:7)
<asynchronous suspension>
#13     ServerPlugin.handleAnalysisUpdateContent (package:analyzer_plugin/plugin/plugin.dart:351:5)
<asynchronous suspension>
#14     ServerPlugin._getResponse (package:analyzer_plugin/plugin/plugin.dart:546:18)
<asynchronous suspension>
#15     ServerPlugin._onRequest (package:analyzer_plugin/plugin/plugin.dart:597:18)
<asynchronous suspension>

at:
#0      SocketCustomLintServerToClientChannel.sendCustomLintRequest (package:custom_lint/src/v2/server_to_client_channel.dart:273:11)
<asynchronous suspension>
#1      SocketCustomLintServerToClientChannel.sendAnalyzerPluginRequest (package:custom_lint/src/v2/server_to_client_channel.dart:234:22)
<asynchronous suspension>
#2      CustomLintServer._handleRequest.<anonymous closure>.<anonymous closure> (package:custom_lint/src/v2/custom_lint_analyzer_plugin.dart:190:17)
<asynchronous suspension>
#3      PendingOperation.run (package:custom_lint/src/async_operation.dart:22:14)
<asynchronous suspension>
#4      CustomLintServer._handleRequest (package:custom_lint/src/v2/custom_lint_analyzer_plugin.dart:173:22)
<asynchronous suspension>

